Duplicated file found; will not be sent for synthesis: d:/pynq_z2/project/z2_dev/z2_dev.gen/sources_1/bd/system/ipshared/cd1d/hdl/lmb_v10_v3_0_vh_rfs.vhd
Duplicated file found; will not be sent for synthesis: d:/pynq_z2/project/z2_dev/z2_dev.gen/sources_1/bd/system/ipshared/a177/hdl/lmb_bram_if_cntlr_v4_0_vh_rfs.vhd
Duplicated file found; will not be sent for synthesis: d:/pynq_z2/project/z2_dev/z2_dev.gen/sources_1/bd/system/ipshared/66ea/hdl/axi_lite_ipif_v3_0_vh_rfs.vhd
Duplicated file found; will not be sent for synthesis: d:/pynq_z2/project/z2_dev/z2_dev.gen/sources_1/bd/system/ipshared/ef1e/hdl/lib_cdc_v1_0_rfs.vhd
Duplicated file found; will not be sent for synthesis: d:/pynq_z2/project/z2_dev/z2_dev.gen/sources_1/bd/system/ipshared/66ea/hdl/axi_lite_ipif_v3_0_vh_rfs.vhd
Duplicated file found; will not be sent for synthesis: d:/pynq_z2/project/z2_dev/z2_dev.gen/sources_1/bd/system/ipshared/ef1e/hdl/lib_cdc_v1_0_rfs.vhd
Duplicated file found; will not be sent for synthesis: d:/pynq_z2/project/z2_dev/z2_dev.gen/sources_1/bd/system/ipshared/a040/hdl/interrupt_control_v3_1_vh_rfs.vhd
Duplicated file found; will not be sent for synthesis: d:/pynq_z2/project/z2_dev/z2_dev.gen/sources_1/bd/system/ipshared/3ed9/hdl/axi_gpio_v2_0_vh_rfs.vhd
Duplicated file found; will not be sent for synthesis: d:/pynq_z2/project/z2_dev/z2_dev.gen/sources_1/bd/system/ipshared/25a8/hdl/blk_mem_gen_v8_4_vhsyn_rfs.vhd
Duplicated file found; will not be sent for synthesis: d:/pynq_z2/project/z2_dev/z2_dev.gen/sources_1/bd/system/ipshared/b752/hdl/generic_baseblocks_v2_1_vl_rfs.v
Duplicated file found; will not be sent for synthesis: d:/pynq_z2/project/z2_dev/z2_dev.gen/sources_1/bd/system/ipshared/ec67/hdl/axi_infrastructure_v1_1_0.vh
Duplicated file found; will not be sent for synthesis: d:/pynq_z2/project/z2_dev/z2_dev.gen/sources_1/bd/system/ipshared/ec67/hdl/axi_infrastructure_v1_1_vl_rfs.v
Duplicated file found; will not be sent for synthesis: d:/pynq_z2/project/z2_dev/z2_dev.gen/sources_1/bd/system/ipshared/0a3f/hdl/axi_register_slice_v2_1_vl_rfs.v
Duplicated file found; will not be sent for synthesis: d:/pynq_z2/project/z2_dev/z2_dev.gen/sources_1/bd/system/ipshared/25a8/hdl/blk_mem_gen_v8_4_vhsyn_rfs.vhd
Duplicated file found; will not be sent for synthesis: d:/pynq_z2/project/z2_dev/z2_dev.gen/sources_1/bd/system/ipshared/83df/hdl/fifo_generator_v13_2_vhsyn_rfs.vhd
Duplicated file found; will not be sent for synthesis: d:/pynq_z2/project/z2_dev/z2_dev.gen/sources_1/bd/system/ipshared/5390/hdl/axi_data_fifo_v2_1_vl_rfs.v
Duplicated file found; will not be sent for synthesis: d:/pynq_z2/project/z2_dev/z2_dev.gen/sources_1/bd/system/ipshared/3fa0/hdl/axi_crossbar_v2_1_vl_rfs.v
Duplicated file found; will not be sent for synthesis: d:/pynq_z2/project/z2_dev/z2_dev.gen/sources_1/bd/system/ipshared/66ea/hdl/axi_lite_ipif_v3_0_vh_rfs.vhd
Duplicated file found; will not be sent for synthesis: d:/pynq_z2/project/z2_dev/z2_dev.gen/sources_1/bd/system/ipshared/ef1e/hdl/lib_cdc_v1_0_rfs.vhd
Duplicated file found; will not be sent for synthesis: d:/pynq_z2/project/z2_dev/z2_dev.gen/sources_1/bd/system/ipshared/a040/hdl/interrupt_control_v3_1_vh_rfs.vhd
Duplicated file found; will not be sent for synthesis: d:/pynq_z2/project/z2_dev/z2_dev.gen/sources_1/bd/system/ipshared/3ed9/hdl/axi_gpio_v2_0_vh_rfs.vhd
Duplicated file found; will not be sent for synthesis: d:/pynq_z2/project/z2_dev/z2_dev.gen/sources_1/bd/system/ipshared/66ea/hdl/axi_lite_ipif_v3_0_vh_rfs.vhd
Duplicated file found; will not be sent for synthesis: d:/pynq_z2/project/z2_dev/z2_dev.gen/sources_1/bd/system/ipshared/ef1e/hdl/lib_cdc_v1_0_rfs.vhd
Duplicated file found; will not be sent for synthesis: d:/pynq_z2/project/z2_dev/z2_dev.gen/sources_1/bd/system/ipshared/25a8/hdl/blk_mem_gen_v8_4_vhsyn_rfs.vhd
Duplicated file found; will not be sent for synthesis: d:/pynq_z2/project/z2_dev/z2_dev.gen/sources_1/bd/system/ipshared/b752/hdl/generic_baseblocks_v2_1_vl_rfs.v
Duplicated file found; will not be sent for synthesis: d:/pynq_z2/project/z2_dev/z2_dev.gen/sources_1/bd/system/ipshared/ec67/hdl/axi_infrastructure_v1_1_0.vh
Duplicated file found; will not be sent for synthesis: d:/pynq_z2/project/z2_dev/z2_dev.gen/sources_1/bd/system/ipshared/ec67/hdl/axi_infrastructure_v1_1_vl_rfs.v
Duplicated file found; will not be sent for synthesis: d:/pynq_z2/project/z2_dev/z2_dev.gen/sources_1/bd/system/ipshared/0a3f/hdl/axi_register_slice_v2_1_vl_rfs.v
Duplicated file found; will not be sent for synthesis: d:/pynq_z2/project/z2_dev/z2_dev.gen/sources_1/bd/system/ipshared/25a8/hdl/blk_mem_gen_v8_4_vhsyn_rfs.vhd
Duplicated file found; will not be sent for synthesis: d:/pynq_z2/project/z2_dev/z2_dev.gen/sources_1/bd/system/ipshared/83df/hdl/fifo_generator_v13_2_vhsyn_rfs.vhd
Duplicated file found; will not be sent for synthesis: d:/pynq_z2/project/z2_dev/z2_dev.gen/sources_1/bd/system/ipshared/5390/hdl/axi_data_fifo_v2_1_vl_rfs.v
Duplicated file found; will not be sent for synthesis: d:/pynq_z2/project/z2_dev/z2_dev.gen/sources_1/bd/system/ipshared/3fa0/hdl/axi_crossbar_v2_1_vl_rfs.v
Duplicated file found; will not be sent for synthesis: d:/pynq_z2/project/z2_dev/z2_dev.gen/sources_1/bd/system/ipshared/b752/hdl/generic_baseblocks_v2_1_vl_rfs.v
Duplicated file found; will not be sent for synthesis: d:/pynq_z2/project/z2_dev/z2_dev.gen/sources_1/bd/system/ipshared/25a8/hdl/blk_mem_gen_v8_4_vhsyn_rfs.vhd
Duplicated file found; will not be sent for synthesis: d:/pynq_z2/project/z2_dev/z2_dev.gen/sources_1/bd/system/ipshared/83df/hdl/fifo_generator_v13_2_vhsyn_rfs.vhd
Duplicated file found; will not be sent for synthesis: d:/pynq_z2/project/z2_dev/z2_dev.gen/sources_1/bd/system/ipshared/5390/hdl/axi_data_fifo_v2_1_vl_rfs.v
Duplicated file found; will not be sent for synthesis: d:/pynq_z2/project/z2_dev/z2_dev.gen/sources_1/bd/system/ipshared/ec67/hdl/axi_infrastructure_v1_1_0.vh
Duplicated file found; will not be sent for synthesis: d:/pynq_z2/project/z2_dev/z2_dev.gen/sources_1/bd/system/ipshared/ec67/hdl/axi_infrastructure_v1_1_vl_rfs.v
Duplicated file found; will not be sent for synthesis: d:/pynq_z2/project/z2_dev/z2_dev.gen/sources_1/bd/system/ipshared/0a3f/hdl/axi_register_slice_v2_1_vl_rfs.v
Duplicated file found; will not be sent for synthesis: d:/pynq_z2/project/z2_dev/z2_dev.gen/sources_1/bd/system/ipshared/b752/hdl/generic_baseblocks_v2_1_vl_rfs.v
Duplicated file found; will not be sent for synthesis: d:/pynq_z2/project/z2_dev/z2_dev.gen/sources_1/bd/system/ipshared/25a8/hdl/blk_mem_gen_v8_4_vhsyn_rfs.vhd
Duplicated file found; will not be sent for synthesis: d:/pynq_z2/project/z2_dev/z2_dev.gen/sources_1/bd/system/ipshared/83df/hdl/fifo_generator_v13_2_vhsyn_rfs.vhd
Duplicated file found; will not be sent for synthesis: d:/pynq_z2/project/z2_dev/z2_dev.gen/sources_1/bd/system/ipshared/5390/hdl/axi_data_fifo_v2_1_vl_rfs.v
Duplicated file found; will not be sent for synthesis: d:/pynq_z2/project/z2_dev/z2_dev.gen/sources_1/bd/system/ipshared/ec67/hdl/axi_infrastructure_v1_1_0.vh
Duplicated file found; will not be sent for synthesis: d:/pynq_z2/project/z2_dev/z2_dev.gen/sources_1/bd/system/ipshared/ec67/hdl/axi_infrastructure_v1_1_vl_rfs.v
Duplicated file found; will not be sent for synthesis: d:/pynq_z2/project/z2_dev/z2_dev.gen/sources_1/bd/system/ipshared/0a3f/hdl/axi_register_slice_v2_1_vl_rfs.v
Duplicated file found; will not be sent for synthesis: d:/pynq_z2/project/z2_dev/z2_dev.gen/sources_1/bd/system/ipshared/90c8/hdl/axi_protocol_converter_v2_1_vl_rfs.v
Duplicated file found; will not be sent for synthesis: d:/pynq_z2/project/z2_dev/z2_dev.gen/sources_1/bd/system/ipshared/b752/hdl/generic_baseblocks_v2_1_vl_rfs.v
Duplicated file found; will not be sent for synthesis: d:/pynq_z2/project/z2_dev/z2_dev.gen/sources_1/bd/system/ipshared/25a8/hdl/blk_mem_gen_v8_4_vhsyn_rfs.vhd
Duplicated file found; will not be sent for synthesis: d:/pynq_z2/project/z2_dev/z2_dev.gen/sources_1/bd/system/ipshared/83df/hdl/fifo_generator_v13_2_vhsyn_rfs.vhd
Duplicated file found; will not be sent for synthesis: d:/pynq_z2/project/z2_dev/z2_dev.gen/sources_1/bd/system/ipshared/5390/hdl/axi_data_fifo_v2_1_vl_rfs.v
Duplicated file found; will not be sent for synthesis: d:/pynq_z2/project/z2_dev/z2_dev.gen/sources_1/bd/system/ipshared/ec67/hdl/axi_infrastructure_v1_1_0.vh
Duplicated file found; will not be sent for synthesis: d:/pynq_z2/project/z2_dev/z2_dev.gen/sources_1/bd/system/ipshared/ec67/hdl/axi_infrastructure_v1_1_vl_rfs.v
Duplicated file found; will not be sent for synthesis: d:/pynq_z2/project/z2_dev/z2_dev.gen/sources_1/bd/system/ipshared/0a3f/hdl/axi_register_slice_v2_1_vl_rfs.v
Duplicated file found; will not be sent for synthesis: d:/pynq_z2/project/z2_dev/z2_dev.gen/sources_1/bd/system/ipshared/90c8/hdl/axi_protocol_converter_v2_1_vl_rfs.v
CRC performance measure: elapsed=00:00:00.004s;;memory_peak=3256.312MB;;memory_gain=0.000MB
